// Jest Snapshot v1, https://goo.gl/fbAQLP

exports[`ixon DisplayName 1`] = `
<span>
  <svg>
    <use
      xlinkHref="#zfb"
    />
  </svg>
</span>
`;
